СЕМАНТИЧЕСКИЕ_ОШИБКИ:
семантическая ошибка (использование до инициализации): переменная «p» использована до инициализации
  --> test.src:7:3
   | в функции «main»
   = примечание: сначала присвойте значение

   |
7 |   p.y = 1;  
   |   ^
семантическая ошибка (необъявленный идентификатор): поле «y» не найдено в структуре «Point»
  --> test.src:7:3
   | в функции «main»

   |
7 |   p.y = 1;  
   |   ^
ТАБЛИЦА_СИМВОЛОВ:
Таблица символов (по областям видимости):
  [0] область=global
    - Point: структура struct { x: int } (стр. 1, инициализирована)
    - main: функция fn() -> int (стр. 5, инициализирована)
АННОТАЦИИ_ТИПОВ:
Аннотации типов (выражения):
  7:3  присв. MemberAccessExpr(line=7, column=3, base=IdentifierExpr(line=7, column=3, name='p'), member='y') =  [тип: <error>]
  7:9  литерал  [тип: int]
  8:10  литерал  [тип: int]
ОБРАТНЫЙ_ЦИКЛ_JSON:
кодирование AST: OK
