СЕМАНТИЧЕСКИЕ_ОШИБКИ:
семантическая ошибка (дубликат объявления): повторное объявление «x»
  --> test.src:3:3
   | в функции «main»

   |
3 |   int x;
   |   ^
ТАБЛИЦА_СИМВОЛОВ:
Таблица символов (по областям видимости):
  [0] область=global
    - main: функция fn() -> void (стр. 1, инициализирована)
АННОТАЦИИ_ТИПОВ:
Аннотации типов (выражения):
ОБРАТНЫЙ_ЦИКЛ_JSON:
кодирование AST: OK
