СЕМАНТИЧЕСКИЕ_ОШИБКИ:
семантическая ошибка (использование до инициализации): переменная «p» использована до инициализации
  --> test.src:8:3
   | в функции «main»
   = примечание: сначала присвойте значение

   |
8 |   p.x = 1;
   |   ^
семантическая ошибка (использование до инициализации): переменная «p» использована до инициализации
  --> test.src:9:3
   | в функции «main»
   = примечание: сначала присвойте значение

   |
9 |   p.y = 2;
   |   ^
семантическая ошибка (использование до инициализации): переменная «p» использована до инициализации
  --> test.src:10:10
   | в функции «main»
   = примечание: сначала присвойте значение

   |
10 |   return p.x + p.y;
   |          ^
семантическая ошибка (использование до инициализации): переменная «p» использована до инициализации
  --> test.src:10:16
   | в функции «main»
   = примечание: сначала присвойте значение

   |
10 |   return p.x + p.y;
   |                ^
ТАБЛИЦА_СИМВОЛОВ:
Таблица символов (по областям видимости):
  [0] область=global
    - Point: структура struct { x: int, y: int } (стр. 1, инициализирована)
    - main: функция fn() -> int (стр. 6, инициализирована)
АННОТАЦИИ_ТИПОВ:
Аннотации типов (выражения):
  8:3  присв. MemberAccessExpr(line=8, column=3, base=IdentifierExpr(line=8, column=3, name='p'), member='x') =  [тип: int]
  8:9  литерал  [тип: int]
  9:3  присв. MemberAccessExpr(line=9, column=3, base=IdentifierExpr(line=9, column=3, name='p'), member='y') =  [тип: int]
  9:9  литерал  [тип: int]
  10:10  бинарн. +  [тип: int]
  10:10  поле .x  [тип: int]
  10:10  идент p  [тип: Point]
  10:16  поле .y  [тип: int]
  10:16  идент p  [тип: Point]
ОБРАТНЫЙ_ЦИКЛ_JSON:
кодирование AST: OK
