СЕМАНТИЧЕСКИЕ_ОШИБКИ:
семантическая ошибка (недопустимая цель присваивания): переменная цикла «i» должна обновляться в for-обновлении (используйте присваивание или ++/--)
  --> test.src:2:27
   | в функции «main»

   |
2 |   for (int i = 0; i < 10; i) {
   |                           ^
ТАБЛИЦА_СИМВОЛОВ:
Таблица символов (по областям видимости):
  [0] область=global
    - main: функция fn() -> void (стр. 1, инициализирована)
АННОТАЦИИ_ТИПОВ:
Аннотации типов (выражения):
  2:16  литерал  [тип: int]
  2:19  бинарн. <  [тип: bool]
  2:19  идент i  [тип: int]
  2:23  литерал  [тип: int]
  2:27  идент i  [тип: int]
ОБРАТНЫЙ_ЦИКЛ_JSON:
кодирование AST: OK
