СЕМАНТИЧЕСКИЕ_ОШИБКИ:
семантическая ошибка (использование до инициализации): переменная «x» использована до инициализации
  --> test.src:3:11
   | в функции «main»
   = примечание: сначала присвойте значение

   |
3 |   int y = x;
   |           ^
ТАБЛИЦА_СИМВОЛОВ:
Таблица символов (по областям видимости):
  [0] область=global
    - main: функция fn() -> int (стр. 1, инициализирована)
АННОТАЦИИ_ТИПОВ:
Аннотации типов (выражения):
  3:11  идент x  [тип: int]
  4:10  идент y  [тип: int]
ОБРАТНЫЙ_ЦИКЛ_JSON:
кодирование AST: OK
