СЕМАНТИЧЕСКИЕ_ОШИБКИ:
семантическая ошибка (несовпадение типов): несовместимость типов при присваивании
  --> test.src:3:3
   | в функции «main»
   = ожидалось: int
   = получено: bool

   |
3 |   x = true;
   |   ^
ТАБЛИЦА_СИМВОЛОВ:
Таблица символов (по областям видимости):
  [0] область=global
    - exit: функция fn(int) -> void (стр. 0, инициализирована)
    - main: функция fn() -> void (стр. 1, инициализирована)
    - print_int: функция fn(int) -> void (стр. 0, инициализирована)
    - print_string: функция fn(string) -> void (стр. 0, инициализирована)
    - read_int: функция fn() -> int (стр. 0, инициализирована)
АННОТАЦИИ_ТИПОВ:
Аннотации типов (выражения):
  3:3  присв. IdentifierExpr(line=3, column=3, name='x') =  [тип: int]
  3:7  литерал  [тип: bool]
ОБРАТНЫЙ_ЦИКЛ_JSON:
кодирование AST: OK
