СЕМАНТИЧЕСКИЕ_ОШИБКИ:
семантическая ошибка (несовпадение типов): несовместимость типов при присваивании в «y»
  --> test.src:3:3
   | в функции «main»
   = ожидалось: float
   = получено: string

   |
3 |   y = "hello";
   |   ^
ТАБЛИЦА_СИМВОЛОВ:
Таблица символов (по областям видимости):
  [0] область=global
    - main: функция fn() -> void (стр. 1, инициализирована)
АННОТАЦИИ_ТИПОВ:
Аннотации типов (выражения):
  3:3  присв. y =  [тип: float]
  3:7  литерал  [тип: string]
ОБРАТНЫЙ_ЦИКЛ_JSON:
кодирование AST: OK
