СЕМАНТИЧЕСКИЕ_ОШИБКИ:
семантическая ошибка (ошибка количества аргументов): вызов «f»: неверное число аргументов
  --> test.src:3:3
   | в функции «main»
   = ожидалось: 1 аргументов
   = получено: 2 аргументов
   = примечание: сигнатура: fn(int) -> void

   |
3 |   f(1, 2);
   |   ^
ТАБЛИЦА_СИМВОЛОВ:
Таблица символов (по областям видимости):
  [0] область=global
    - f: функция fn(int) -> void (стр. 1, инициализирована)
    - main: функция fn() -> void (стр. 2, инициализирована)
АННОТАЦИИ_ТИПОВ:
Аннотации типов (выражения):
  3:3  вызов f  [тип: void]
ОБРАТНЫЙ_ЦИКЛ_JSON:
кодирование AST: OK
