СЕМАНТИЧЕСКИЕ_ОШИБКИ:
семантическая ошибка (использование до инициализации): переменная «x» использована до инициализации
  --> test.src:7:11
   | в функции «main»
   = примечание: сначала присвойте значение

   |
7 |   int y = x + 1;     
   |           ^

семантическая ошибка (несовпадение типов): несовместимость типов при присваивании в «x»

  --> test.src:8:3
   | в функции «main»
   = ожидалось: int
   = получено: string

   |
8 |   x = "hello";       
   |   ^
семантическая ошибка (ошибка количества аргументов): вызов «add»: неверное число аргументов
  --> test.src:9:3
   | в функции «main»
   = ожидалось: 2 аргументов
   = получено: 1 аргументов
   = примечание: сигнатура: fn(int, int) -> int

   |
9 |   add(1);             
   |   ^
ТАБЛИЦА_СИМВОЛОВ:
Таблица символов (по областям видимости):
  [0] область=global
    - add: функция fn(int, int) -> int (стр. 1, инициализирована)
    - main: функция fn() -> int (стр. 5, инициализирована)
АННОТАЦИИ_ТИПОВ:
Аннотации типов (выражения):
  2:10  бинарн. +  [тип: int]
  2:10  идент a  [тип: int]
  2:14  идент b  [тип: int]
  7:11  бинарн. +  [тип: int]
  7:11  идент x  [тип: int]
  7:15  литерал  [тип: int]

  8:3  присв. IdentifierExpr(line=8, column=3, name='x') =  [тип: int]

  8:7  литерал  [тип: string]
  9:3  вызов add  [тип: int]
  10:10  идент y  [тип: int]
ОБРАТНЫЙ_ЦИКЛ_JSON:
кодирование AST: OK
