СЕМАНТИЧЕСКИЕ_ОШИБКИ:
(нет)
ТАБЛИЦА_СИМВОЛОВ:
Таблица символов (по областям видимости):
  [0] область=global
    - main: функция fn() -> int (стр. 1, инициализирована)
АННОТАЦИИ_ТИПОВ:
Аннотации типов (выражения):
  2:11  литерал  [тип: int]
  4:13  литерал  [тип: int]
  5:12  идент x  [тип: int]
ОБРАТНЫЙ_ЦИКЛ_JSON:
кодирование AST: OK
