СЕМАНТИЧЕСКИЕ_ОШИБКИ:
(нет)
ТАБЛИЦА_СИМВОЛОВ:
Таблица символов (по областям видимости):
  [0] область=global
    - add: функция fn(int, int) -> int (стр. 1, инициализирована)
    - main: функция fn() -> int (стр. 5, инициализирована)
АННОТАЦИИ_ТИПОВ:
Аннотации типов (выражения):
  2:10  бинарн. +  [тип: int]
  2:10  идент a  [тип: int]
  2:14  идент b  [тип: int]
  6:10  вызов add  [тип: int]
  6:14  литерал  [тип: int]
  6:17  литерал  [тип: int]
ОБРАТНЫЙ_ЦИКЛ_JSON:
кодирование AST: OK
