СЕМАНТИЧЕСКИЕ_ОШИБКИ:
семантическая ошибка (необъявленный идентификатор): необъявленный идентификатор «x»
  --> test.src:2:3
   | в функции «main»

   |
2 |   x = 1;
   |   ^
ТАБЛИЦА_СИМВОЛОВ:
Таблица символов (по областям видимости):
  [0] область=global
    - main: функция fn() -> void (стр. 1, инициализирована)
АННОТАЦИИ_ТИПОВ:
Аннотации типов (выражения):

  2:3  присв. IdentifierExpr(line=2, column=3, name='x') =  [тип: <error>]

  2:3  присв. x =  [тип: int]

  2:7  литерал  [тип: int]
ОБРАТНЫЙ_ЦИКЛ_JSON:
кодирование AST: OK
