AST:
Program [1:1]:
  FunctionDecl: factorial -> int [1:1]
    Parameters: [int n]
    Body:
      Block [1:28]:
        IfStmt [2:5]:
          Condition: (n <= 1)
          Then:
            Block [2:17]:
              ReturnStmt [3:9]: 1
        ReturnStmt [5:5]: (n * factorial((n - 1)))
  FunctionDecl: main -> void [8:1]
    Parameters: []
    Body:
      Block [8:11]:
        VarDeclStmt: int result = factorial(5) [9:5]
ОБРАТНЫЙ_ЦИКЛ: OK
